// Jest Snapshot v1, https://goo.gl/fbAQLP

exports[`test ItemCart component should match snapshot 1`] = `
<View
  style={
    Object {
      "backgroundColor": "#FFFFFF",
      "borderRadius": 8,
      "flexDirection": "row",
      "marginHorizontal": 24,
      "marginVertical": 4,
      "padding": 8,
      "paddingHorizontal": 24,
    }
  }
>
  <Image
    resizeMode="center"
    source={
      Object {
        "uri": "https://res.cloudinary.com/deoaxotzs/image/upload/v1673720991/grocery-store/banana-_yagtxh.webp",
      }
    }
    style={
      Object {
        "alignSelf": "center",
        "height": 50,
        "width": 90,
      }
    }
    testID="image"
  />
  <View
    style={
      Object {
        "flex": 1,
        "paddingLeft": 16,
      }
    }
  >
    <View
      style={
        Array [
          Object {
            "flexDirection": "row",
          },
          Object {
            "justifyContent": "space-between",
          },
        ]
      }
    >
      <Text
        style={
          Object {
            "color": "#000000",
            "fontSize": 16,
            "fontWeight": "900",
          }
        }
      >
        Banana
      </Text>
      <View
        accessible={true}
        collapsable={false}
        focusable={true}
        onClick={[Function]}
        onResponderGrant={[Function]}
        onResponderMove={[Function]}
        onResponderRelease={[Function]}
        onResponderTerminate={[Function]}
        onResponderTerminationRequest={[Function]}
        onStartShouldSetResponder={[Function]}
        style={
          Object {
            "opacity": 1,
          }
        }
        testID="close-button"
      >
        <MockedIoniconsIcons
          name="close"
          size={24}
          testID="icon-close"
        />
      </View>
    </View>
    <Text>
      2
       
      unidades
    </Text>
    <Text
      style={
        Object {
          "color": "#000000",
          "fontSize": 14,
          "fontWeight": "900",
          "textAlign": "right",
        }
      }
    >
      $
      20
      .00
    </Text>
  </View>
</View>
`;
